../Core/Src/main.c:157:5:main	64	static
../Core/Src/main.c:637:6:SystemClock_Config	88	static
../Core/Src/main.c:684:13:MX_I2C2_Init	8	static
../Core/Src/main.c:718:13:MX_SPI1_Init	8	static
../Core/Src/main.c:756:13:MX_TIM2_Init	64	static
../Core/Src/main.c:827:13:MX_USART2_UART_Init	8	static
../Core/Src/main.c:860:13:MX_GPIO_Init	56	static
../Core/Src/main.c:944:6:scanKeys	96	static
../Core/Src/main.c:1004:7:readtagsFromRDR1	16	static
../Core/Src/main.c:1033:7:readtagsFromRDR2	16	static
../Core/Src/main.c:1062:7:compareIntArrays	32	static
../Core/Src/main.c:1073:6:clearArrayEle	24	static
../Core/Src/main.c:1082:7:checkValidUser	32	static
../Core/Src/main.c:1107:6:welcomeMsglcd	8	static
../Core/Src/main.c:1117:6:newNotificationlcd	24	static
../Core/Src/main.c:1128:6:setLCDHMIscreen	16	static
../Core/Src/main.c:1138:6:DisplayMenu	48	static
../Core/Src/main.c:1244:7:getUserPassword	4	static
../Core/Src/main.c:1260:6:HandleInput	40	static
../Core/Src/main.c:1470:6:generate_password	24	static
../Core/Src/main.c:1485:6:Error_Handler	4	static,ignoring_inline_asm
